# This is the default name rotation configuration.  On Linux or BSD,
# you should copy this to ~/.quetoo/default and edit it there.

{
	name edge
}
{
	name tokays
}
{
	name fragpipe
}
{
	name hallways
}
{
	name pits
}
{
	name lavatomb
}
{
	name slimyplace
}
{
	name warehouse
}
{
	name 2deaths
}
{
	name claustrophobopolis
}
{
	name abase
}
{
	name badplace
}
{
	name cistern
}
{
	name darkzone
}
{
	name chthon
}
{
	name aerowalk
}
{
	name aghast
}
{
	name fraggin
}
{
	name gehenna
}
{
	name insta-rounding
}
{
	name omf
}
{
	name rage
}
{
	name torn
}
#Q3 Remakes
{
	name longyard
}
{
	name campgrounds
}
#----------
#{
#	name fractures
#}
#{
#	name turbo
#}
#{
#	name wake
#}
#{
#	name lilith
#}
#{
#	name grunt
#}
#{
#	name gym
#}
# End of file
